[backblue.gif]
[fade.gif]
[index.html]
[stanton.ice.put.poznan.pl/nowak/xmlrpc.php]
[stanton.ice.put.poznan.pl/nowak/feed/index.html]
[stanton.ice.put.poznan.pl/nowak/feed/rss/index.html]
[stanton.ice.put.poznan.pl/nowak/xmlrpc0db0.php]
[stanton.ice.put.poznan.pl/nowak/feed/atom/index.html]
[stanton.ice.put.poznan.pl/nowak/wp-includes/wlwmanifest.xml]
[stanton.ice.put.poznan.pl/nowak/files/2015/01/tlo1.png]
[stanton.ice.put.poznan.pl/nowak/index.html]
[stanton.ice.put.poznan.pl/nowak/2007/12/index.html]
[stanton.ice.put.poznan.pl/nowak/about/feed/index.html]
[stanton.ice.put.poznan.pl/nowak/wp-content/themes/regulus/images/bg_body.gif]
[stanton.ice.put.poznan.pl/nowak/wp-content/themes/regulus/images/bg_1.jpg]
[stanton.ice.put.poznan.pl/nowak/wp-content/themes/regulus/images/bg_2.jpg]
[stanton.ice.put.poznan.pl/nowak/wp-content/themes/regulus/images/bg_3.jpg]
[stanton.ice.put.poznan.pl/nowak/wp-content/themes/regulus/images/bg_4.jpg]
[stanton.ice.put.poznan.pl/nowak/wp-content/themes/regulus/images/bg_5.jpg]
[stanton.ice.put.poznan.pl/nowak/comments/feed/index.html]
[stanton.ice.put.poznan.pl/nowak/wp-content/themes/regulus/images/bg_6.jpg]
[stanton.ice.put.poznan.pl/nowak/wp-content/themes/regulus/images/bg_7.jpg]
[stanton.ice.put.poznan.pl/nowak/wp-content/themes/regulus/images/bg_8.jpg]
[stanton.ice.put.poznan.pl/nowak/wp-content/themes/regulus/images/bg_blockquote.gif]
[stanton.ice.put.poznan.pl/nowak/wp-content/themes/regulus/images/post_read.gif]
[stanton.ice.put.poznan.pl/nowak/wp-content/themes/regulus/images/post_comment.gif]
[stanton.ice.put.poznan.pl/nowak/wp-content/themes/regulus/images/gravatar.gif]
[stanton.ice.put.poznan.pl/nowak/wp-content/themes/regulus/images/bg_feed.gif]
[stanton.ice.put.poznan.pl/nowak/wp-content/themes/regulus/style.css]
[stanton.ice.put.poznan.pl/nowak/wp-content/themes/regulus/switch.css]
[solmech2016.ippt.pan.pl/Abstracts/0088.pdf]
[www.wccm-eccm-ecfd2014.org/admin/files/fileabstract/a3849.pdf]
[www.wccm-eccm-ecfd2014.org/admin/files/fileabstract/a2312.pdf]
[vibsys.put.poznan.pl/_journal/2014-26/vibsys_2014-book.pdf]
[www.ptmts.org.pl/2014-1-hausa-n.pdf]
[www.ippt.gov.pl/_bulletin/(59-1)57.1d.delayed]
[bluebox.ippt.pan.pl/_bulletin/(59-1)57.pdf]
[www.actabio.pwr.wroc.pl/Vol12No2/4.pdf]
[stanton.ice.put.poznan.pl/nowak/publications/index.html]
[stanton.ice.put.poznan.pl/nowak/files/2014/03/umowa-ilot.pdf]
[stanton.ice.put.poznan.pl/nowak/files/2013/09/wing.png]
[stanton.ice.put.poznan.pl/nowak/projekt-ncn/index.html]
[stanton.ice.put.poznan.pl/nowak/projekt-ncbr-2016-2017/index.html]
[stanton.ice.put.poznan.pl/nowak/files/2013/10/wing1.pdf]
[stanton.ice.put.poznan.pl/nowak/files/2013/09/bone.pdf]
[stanton.ice.put.poznan.pl/nowak/files/2013/09/bone.png]
[stanton.ice.put.poznan.pl/nowak/files/2013/08/zuraw-21.pdf]
[stanton.ice.put.poznan.pl/nowak/files/2013/08/zuraw-21.png]
[stanton.ice.put.poznan.pl/nowak/files/2011/11/bone_40_6.png]
[stanton.ice.put.poznan.pl/nowak/files/2009/02/multi-xy.gif]
[stanton.ice.put.poznan.pl/nowak/files/2008/03/free-stick.thumbnail.gif]
[stanton.ice.put.poznan.pl/nowak/files/2008/03/free-stick.gif]
[stanton.ice.put.poznan.pl/nowak/files/2008/11/bone-yy.gif]
[stanton.ice.put.poznan.pl/nowak/files/2008/11/bone-yy.thumbnail.gif]
[stanton.ice.put.poznan.pl/nowak/gallery/index.html]
[stanton.ice.put.poznan.pl/nowak/files/2014/09/AIAAVictoria2006.pdf]
[stanton.ice.put.poznan.pl/nowak/files/2014/09/CISMUdine2012.pdf]
[stanton.ice.put.poznan.pl/nowak/pictures/index.html]
[stanton.ice.put.poznan.pl/nowak/files/2009/09/pw-et.pdf]
[www.put.poznan.pl/studia/ECTS/MRiT/MiBM/SC/pdf/p-59-1-B8-3.37.delayed]
[stanton.ice.put.poznan.pl/nowak/files/2009/03/pytaniad.pdf]
[stanton.ice.put.poznan.pl/nowak/files/2013/07/pytania-iwp.pdf]
[stanton.ice.put.poznan.pl/nowak/files/2015/10/pytania-inz.pdf]
[stanton.ice.put.poznan.pl/nowak/files/2015/10/pytania-mgr.pdf]
[stanton.ice.put.poznan.pl/nowak/studenci/index.html]
[stanton.ice.put.poznan.pl/nowak/2007/12/15/current-information/index.html]
[stanton.ice.put.poznan.pl/nowak/category/current/index.html]
[stanton.ice.put.poznan.pl/nowak/category/current/feed/index.html]
[stanton.ice.put.poznan.pl/nowak/2007/12/14/hello-world/index.html]
[stanton.ice.put.poznan.pl/nowak/2007/12/14/index.html]
[stanton.ice.put.poznan.pl/nowak/2007/12/15/index.html]
[stanton.ice.put.poznan.pl/nowak/wp-content/themes/regulus/images/bg_9.html]
[www.ptmkm.pl/sites/default/files/MS05_12_2013.html]
[www.ptmkm.pl/sites/default/files/TS04_03_2013.html]
[www.ptmkm.pl/sites/default/files/TS02_03_2013.html]
[stanton.ice.put.poznan.pl/nowak/images/ictam1.html]
[stanton.ice.put.poznan.pl/nowak/images/ictam2.html]
[stanton.ice.put.poznan.pl/nowak/tekst1.html]
[stanton.ice.put.poznan.pl/nowak/gallery/void(0).html]
[stanton.ice.put.poznan.pl/nowak/studenci-a.html]
[stanton.ice.put.poznan.pl/nowak/images/flaga-a.html]
[www.put.poznan.pl/studia/ECTS/MRiT/MiBM/SC/pdf/p-59-1-B8-3.html]
[stanton.ice.put.poznan.pl/nowak/files/2009/03/promotor.html]
[stanton.ice.put.poznan.pl/nowak/index2207.html]
[stanton.ice.put.poznan.pl/nowak/2007/12/15/current-information/trackback/index.html]
[stanton.ice.put.poznan.pl/nowak/indexcff1.html]
[stanton.ice.put.poznan.pl/nowak/2007/12/14/hello-world/trackback/index.html]
[stanton.ice.put.poznan.pl/nowak/files/2009/03/promotor_pliki/filelist.html]
